---
source: lib/glsl-preprocessor/tests/main.rs
expression: unwrapped
---
#version 330 core

vec3 gen_color() {
    return vec3(1,0,1);
}


out vec4 out_color;

void main() {
    out_color = vec4(gen_color(), 1);
}

